../Core/Src/bme680_interface.c:15:6:debug_print	16	static
../Core/Src/bme680_interface.c:21:6:i2c_scan_bus	160	static
../Core/Src/bme680_interface.c:45:8:bme680_i2c_read	192	static
../Core/Src/bme680_interface.c:70:8:bme680_i2c_write	192	static
../Core/Src/bme680_interface.c:95:6:bme680_delay_us	24	static,ignoring_inline_asm
../Core/Src/bme680_interface.c:112:8:bme680_check_sensor_presence	192	static
../Core/Src/bme680_interface.c:166:8:bme680_init_sensor	184	static
../Core/Src/bme680_interface.c:233:7:manual_decode_ieee754	40	static
../Core/Src/bme680_interface.c:272:7:decode_ieee754	24	static
../Core/Src/bme680_interface.c:282:5:is_float_invalid	24	static
../Core/Src/bme680_interface.c:303:8:bme680_read_sensor_data	328	static
../Core/Src/bme680_interface.c:523:6:bme680_print_sensor_data	328	static
../Core/Src/bme680_interface.c:538:6:bme680_check_calibration_data	216	static
../Core/Src/bme680_interface.c:583:6:bme680_read_raw_adc_values	200	static
../Core/Src/bme680_interface.c:629:6:bme680_read_raw_registers	192	static
../Core/Src/bme680_interface.c:666:6:bme680_test_sensor	432	static
