../Core/Src/command_interface.c:20:6:command_interface_init	8	static
../Core/Src/command_interface.c:41:6:command_interface_process	16	static
../Core/Src/command_interface.c:113:6:command_interface_show_help	8	static
../Core/Src/command_interface.c:146:6:command_interface_handle_command	280	static
../Core/Src/command_interface.c:237:6:command_interface_send_response	16	static
../Core/Src/command_interface.c:243:6:command_interface_send_response_usart4	16	static
../Core/Src/command_interface.c:249:6:cmd_read_temperature	336	static
../Core/Src/command_interface.c:313:6:cmd_read_pressure	208	static
../Core/Src/command_interface.c:362:6:cmd_read_humidity	208	static
../Core/Src/command_interface.c:411:6:cmd_test_sensor	8	static
../Core/Src/command_interface.c:423:6:cmd_math_operation	216	static
../Core/Src/command_interface.c:467:6:command_interface_show_help_usart4	8	static
../Core/Src/command_interface.c:499:6:command_interface_handle_command_usart4	280	static
../Core/Src/command_interface.c:592:6:cmd_read_temperature_usart4	176	static
../Core/Src/command_interface.c:614:6:cmd_read_pressure_usart4	176	static
../Core/Src/command_interface.c:636:6:cmd_read_humidity_usart4	176	static
../Core/Src/command_interface.c:658:6:cmd_test_sensor_usart4	336	static
../Core/Src/command_interface.c:685:6:cmd_math_operation_usart4	216	static
../Core/Src/command_interface.c:729:6:cmd_lora_broadcast	208	static
../Core/Src/command_interface.c:761:6:cmd_lora_broadcast_usart4	208	static
../Core/Src/command_interface.c:795:6:cmd_test_spi	8	static
../Core/Src/command_interface.c:808:6:cmd_test_spi_usart4	8	static
../Core/Src/command_interface.c:821:6:cmd_test_lora_init	8	static
../Core/Src/command_interface.c:853:6:cmd_test_lora_init_usart4	8	static
