../Core/Src/command_interface.c:19:6:command_interface_init	8	static
../Core/Src/command_interface.c:40:6:command_interface_process	16	static
../Core/Src/command_interface.c:112:6:command_interface_show_help	8	static
../Core/Src/command_interface.c:135:6:command_interface_handle_command	280	static
../Core/Src/command_interface.c:199:6:command_interface_send_response	16	static
../Core/Src/command_interface.c:205:6:command_interface_send_response_usart4	16	static
../Core/Src/command_interface.c:211:6:cmd_read_temperature	336	static
../Core/Src/command_interface.c:275:6:cmd_read_pressure	208	static
../Core/Src/command_interface.c:324:6:cmd_read_humidity	208	static
../Core/Src/command_interface.c:373:6:cmd_test_sensor	8	static
../Core/Src/command_interface.c:385:6:cmd_math_operation	216	static
../Core/Src/command_interface.c:429:6:command_interface_show_help_usart4	8	static
../Core/Src/command_interface.c:452:6:command_interface_handle_command_usart4	280	static
../Core/Src/command_interface.c:518:6:cmd_read_temperature_usart4	176	static
../Core/Src/command_interface.c:540:6:cmd_read_pressure_usart4	176	static
../Core/Src/command_interface.c:562:6:cmd_read_humidity_usart4	176	static
../Core/Src/command_interface.c:584:6:cmd_test_sensor_usart4	336	static
../Core/Src/command_interface.c:611:6:cmd_math_operation_usart4	216	static
