../Core/Src/command_interface.c:20:6:command_interface_init	8	static
../Core/Src/command_interface.c:41:6:command_interface_process	16	static
../Core/Src/command_interface.c:113:6:command_interface_show_help	8	static
../Core/Src/command_interface.c:144:6:command_interface_handle_command	280	static
../Core/Src/command_interface.c:232:6:command_interface_send_response	16	static
../Core/Src/command_interface.c:238:6:command_interface_send_response_usart4	16	static
../Core/Src/command_interface.c:244:6:cmd_read_temperature	336	static
../Core/Src/command_interface.c:308:6:cmd_read_pressure	208	static
../Core/Src/command_interface.c:357:6:cmd_read_humidity	208	static
../Core/Src/command_interface.c:406:6:cmd_test_sensor	8	static
../Core/Src/command_interface.c:418:6:cmd_math_operation	216	static
../Core/Src/command_interface.c:462:6:command_interface_show_help_usart4	8	static
../Core/Src/command_interface.c:488:6:command_interface_handle_command_usart4	280	static
../Core/Src/command_interface.c:578:6:cmd_read_temperature_usart4	176	static
../Core/Src/command_interface.c:600:6:cmd_read_pressure_usart4	176	static
../Core/Src/command_interface.c:622:6:cmd_read_humidity_usart4	176	static
../Core/Src/command_interface.c:644:6:cmd_test_sensor_usart4	336	static
../Core/Src/command_interface.c:671:6:cmd_math_operation_usart4	216	static
../Core/Src/command_interface.c:715:6:cmd_lora_broadcast	208	static
../Core/Src/command_interface.c:747:6:cmd_lora_broadcast_usart4	208	static
