../Core/Src/command_interface.c:20:6:command_interface_init	8	static
../Core/Src/command_interface.c:41:6:command_interface_process	16	static
../Core/Src/command_interface.c:113:6:command_interface_show_help	8	static
../Core/Src/command_interface.c:144:6:command_interface_handle_command	280	static
../Core/Src/command_interface.c:229:6:command_interface_send_response	16	static
../Core/Src/command_interface.c:235:6:command_interface_send_response_usart4	16	static
../Core/Src/command_interface.c:241:6:cmd_read_temperature	336	static
../Core/Src/command_interface.c:305:6:cmd_read_pressure	208	static
../Core/Src/command_interface.c:354:6:cmd_read_humidity	208	static
../Core/Src/command_interface.c:403:6:cmd_test_sensor	8	static
../Core/Src/command_interface.c:415:6:cmd_math_operation	216	static
../Core/Src/command_interface.c:459:6:command_interface_show_help_usart4	8	static
../Core/Src/command_interface.c:485:6:command_interface_handle_command_usart4	280	static
../Core/Src/command_interface.c:572:6:cmd_read_temperature_usart4	176	static
../Core/Src/command_interface.c:594:6:cmd_read_pressure_usart4	176	static
../Core/Src/command_interface.c:616:6:cmd_read_humidity_usart4	176	static
../Core/Src/command_interface.c:638:6:cmd_test_sensor_usart4	336	static
../Core/Src/command_interface.c:665:6:cmd_math_operation_usart4	216	static
../Core/Src/command_interface.c:709:6:cmd_lora_broadcast	208	static
../Core/Src/command_interface.c:741:6:cmd_lora_broadcast_usart4	208	static
