../Core/Src/command_interface.c:20:6:command_interface_init	8	static
../Core/Src/command_interface.c:41:6:command_interface_process	16	static
../Core/Src/command_interface.c:113:6:command_interface_show_help	8	static
../Core/Src/command_interface.c:147:6:command_interface_handle_command	280	static
../Core/Src/command_interface.c:241:6:command_interface_send_response	16	static
../Core/Src/command_interface.c:247:6:command_interface_send_response_usart4	16	static
../Core/Src/command_interface.c:253:6:cmd_read_temperature	336	static
../Core/Src/command_interface.c:317:6:cmd_read_pressure	208	static
../Core/Src/command_interface.c:366:6:cmd_read_humidity	208	static
../Core/Src/command_interface.c:415:6:cmd_test_sensor	8	static
../Core/Src/command_interface.c:427:6:cmd_math_operation	216	static
../Core/Src/command_interface.c:471:6:command_interface_show_help_usart4	8	static
../Core/Src/command_interface.c:504:6:command_interface_handle_command_usart4	280	static
../Core/Src/command_interface.c:600:6:cmd_read_temperature_usart4	176	static
../Core/Src/command_interface.c:622:6:cmd_read_pressure_usart4	176	static
../Core/Src/command_interface.c:644:6:cmd_read_humidity_usart4	176	static
../Core/Src/command_interface.c:666:6:cmd_test_sensor_usart4	336	static
../Core/Src/command_interface.c:693:6:cmd_math_operation_usart4	216	static
../Core/Src/command_interface.c:737:6:cmd_lora_broadcast	208	static
../Core/Src/command_interface.c:769:6:cmd_lora_broadcast_usart4	208	static
../Core/Src/command_interface.c:803:6:cmd_test_spi	8	static
../Core/Src/command_interface.c:816:6:cmd_test_spi_usart4	8	static
../Core/Src/command_interface.c:829:6:cmd_test_lora_init	8	static
../Core/Src/command_interface.c:861:6:cmd_test_lora_init_usart4	8	static
