../Core/Src/command_interface.c:19:6:command_interface_init	8	static
../Core/Src/command_interface.c:40:6:command_interface_process	16	static
../Core/Src/command_interface.c:112:6:command_interface_show_help	8	static
../Core/Src/command_interface.c:131:6:command_interface_handle_command	280	static
../Core/Src/command_interface.c:192:6:command_interface_send_response	16	static
../Core/Src/command_interface.c:198:6:command_interface_send_response_usart4	16	static
../Core/Src/command_interface.c:204:6:cmd_read_temperature	336	static
../Core/Src/command_interface.c:268:6:cmd_read_pressure	176	static
../Core/Src/command_interface.c:290:6:cmd_read_humidity	176	static
../Core/Src/command_interface.c:312:6:cmd_test_sensor	8	static
../Core/Src/command_interface.c:324:6:cmd_math_operation	216	static
../Core/Src/command_interface.c:368:6:command_interface_show_help_usart4	8	static
../Core/Src/command_interface.c:387:6:command_interface_handle_command_usart4	280	static
../Core/Src/command_interface.c:450:6:cmd_read_temperature_usart4	176	static
../Core/Src/command_interface.c:472:6:cmd_read_pressure_usart4	176	static
../Core/Src/command_interface.c:494:6:cmd_read_humidity_usart4	176	static
../Core/Src/command_interface.c:516:6:cmd_test_sensor_usart4	336	static
../Core/Src/command_interface.c:543:6:cmd_math_operation_usart4	216	static
