../Core/Src/command_interface.c:20:6:command_interface_init	8	static
../Core/Src/command_interface.c:41:6:command_interface_process	16	static
../Core/Src/command_interface.c:113:6:command_interface_show_help	8	static
../Core/Src/command_interface.c:139:6:command_interface_handle_command	280	static
../Core/Src/command_interface.c:212:6:command_interface_send_response	16	static
../Core/Src/command_interface.c:218:6:command_interface_send_response_usart4	16	static
../Core/Src/command_interface.c:224:6:cmd_read_temperature	336	static
../Core/Src/command_interface.c:288:6:cmd_read_pressure	208	static
../Core/Src/command_interface.c:337:6:cmd_read_humidity	208	static
../Core/Src/command_interface.c:386:6:cmd_test_sensor	8	static
../Core/Src/command_interface.c:398:6:cmd_math_operation	216	static
../Core/Src/command_interface.c:442:6:command_interface_show_help_usart4	8	static
../Core/Src/command_interface.c:468:6:command_interface_handle_command_usart4	280	static
../Core/Src/command_interface.c:543:6:cmd_read_temperature_usart4	176	static
../Core/Src/command_interface.c:565:6:cmd_read_pressure_usart4	176	static
../Core/Src/command_interface.c:587:6:cmd_read_humidity_usart4	176	static
../Core/Src/command_interface.c:609:6:cmd_test_sensor_usart4	336	static
../Core/Src/command_interface.c:636:6:cmd_math_operation_usart4	216	static
../Core/Src/command_interface.c:680:6:cmd_lora_broadcast	208	static
../Core/Src/command_interface.c:712:6:cmd_lora_broadcast_usart4	208	static
