../Core/Src/lora_interface.c:27:13:sx1262_debug_print	16	static
../Core/Src/lora_interface.c:33:9:sx1262_wait_for_busy	48	static
../Core/Src/lora_interface.c:58:8:sx1262_detect_module	16	static
../Core/Src/lora_interface.c:74:8:sx1262_test_spi	16	static
../Core/Src/lora_interface.c:98:8:sx1262_spi_read	536	static
../Core/Src/lora_interface.c:141:8:sx1262_spi_write	280	static
../Core/Src/lora_interface.c:174:8:sx1262_spi_write_read	552	static
../Core/Src/lora_interface.c:208:8:sx1262_reset	8	static
../Core/Src/lora_interface.c:236:8:sx1262_configure_lora	32	static
../Core/Src/lora_interface.c:328:8:sx1262_init	8	static
../Core/Src/lora_interface.c:382:8:sx1262_send_sensor_data	136	static
../Core/Src/lora_interface.c:404:8:sx1262_send_message	24	static
../Core/Src/lora_interface.c:451:6:sx1262_process_irq	8	static
../Core/Src/lora_interface.c:457:8:sx1262_get_status	88	static
../Core/Src/lora_interface.c:471:6:sx1262_print_config	8	static
../Core/Src/lora_interface.c:491:8:sx1262_test_transmission	16	static
../Core/Src/lora_interface.c:508:8:lora_scan_signals	16	static
../Core/Src/lora_interface.c:514:8:lora_start_monitoring	8	static
../Core/Src/lora_interface.c:520:8:lora_stop_monitoring	8	static
../Core/Src/lora_interface.c:526:8:lora_get_rssi	8	static
