../Core/Src/main.c:79:5:main	40	static
../Core/Src/main.c:195:6:SystemClock_Config	88	static
../Core/Src/main.c:236:13:MX_I2C1_Init	8	static
../Core/Src/main.c:284:13:MX_SPI1_Init	8	static
../Core/Src/main.c:324:13:MX_USART2_UART_Init	8	static
../Core/Src/main.c:372:13:MX_GPIO_Init	56	static
../Core/Src/main.c:411:8:user_i2c_read	128	static
../Core/Src/main.c:423:8:user_i2c_write	128	static
../Core/Src/main.c:435:6:user_delay_us	16	static
../Core/Src/main.c:439:6:ReadAndPrintBME680Data	192	static
../Core/Src/main.c:461:6:Error_Handler	8	static,ignoring_inline_asm
